// Jest Snapshot v1, https://goo.gl/fbAQLP

exports[`Services >> Mappers >> playerMapper properly maps a valid player 1`] = `
Object {
  "discordUserName": "test",
  "id": "0",
  "npcSet": Array [
    Object {
      "callName": "testWithFacts",
      "description": "this is a test",
      "facts": Array [
        "fact1",
        "fact2",
      ],
      "gameId": "x",
      "image": "placeholder",
      "name": "Test",
    },
    Object {
      "callName": "testWithout",
      "description": "this is a test",
      "facts": Array [],
      "gameId": "x",
      "image": "placeholder",
      "name": "Test",
    },
  ],
  "statisticsSet": Array [
    Object {
      "name": "test",
      "value": 2,
    },
  ],
}
`;
